// Jest Snapshot v1, https://goo.gl/fbAQLP

exports[`Search bar snapshot testing should render with no value 1`] = `
<div
  className="SearchBar"
>
  <input
    onChange={[Function]}
    placeholder="Search something..."
    role="search"
    type="text"
    value=""
  />
  <button
    className={null}
    onClick={[Function]}
  >
    <svg>
      search.svg
    </svg>
  </button>
</div>
`;
